\BOOKMARK [1][-]{section.1}{\376\377\000T\000h\000e\000\040\000E\000n\000g\000i\000n\000e\000e\000r\000i\000n\000g\000\040\000F\000o\000u\000n\000d\000a\000t\000i\000o\000n\000:\000\040\000F\000r\000o\000m\000\040\000H\000y\000p\000e\000r\000W\000e\000b\000s\000t\000e\000r\000\040\000t\000o\000\040\000H\000a\000m\000i\000l\000t\000o\000n\000i\000a\000n}{}% 1
\BOOKMARK [2][-]{subsection.1.1}{\376\377\000T\000h\000e\000\040\000O\000r\000i\000g\000i\000n\000\040\000P\000r\000o\000b\000l\000e\000m\000:\000\040\000C\000o\000n\000t\000e\000x\000t\000\040\000a\000n\000d\000\040\000M\000e\000a\000n\000i\000n\000g}{section.1}% 2
\BOOKMARK [2][-]{subsection.1.2}{\376\377\000B\000i\000j\000e\000c\000t\000i\000v\000e\000\040\000B\000a\000s\000e\000-\0009\0005\000\040\000E\000n\000c\000o\000d\000i\000n\000g\000:\000\040\000T\000h\000e\000\040\000H\000o\000r\000n\000e\000r\000\040\000S\000c\000h\000e\000m\000e}{section.1}% 3
\BOOKMARK [2][-]{subsection.1.3}{\376\377\000D\000e\000\040\000B\000r\000u\000i\000j\000n\000\040\000S\000e\000q\000u\000e\000n\000c\000e\000s\000\040\000a\000n\000d\000\040\000H\000y\000p\000e\000r\000w\000e\000b\000s\000t\000e\000r\000\040\000P\000a\000r\000t\000i\000t\000i\000o\000n\000i\000n\000g}{section.1}% 4
\BOOKMARK [2][-]{subsection.1.4}{\376\377\000T\000h\000e\000\040\000S\000t\000a\000n\000d\000a\000r\000d\000\040\000M\000o\000d\000e\000l\000\040\000o\000f\000\040\000M\000o\000n\000a\000d\000\040\000I\000n\000f\000o\000r\000m\000a\000t\000i\000o\000n\000\040\000P\000r\000o\000p\000a\000g\000a\000t\000i\000o\000n}{section.1}% 5
\BOOKMARK [2][-]{subsection.1.5}{\376\377\000F\000r\000o\000m\000\040\000N\000e\000u\000r\000o\000n\000s\000\040\000t\000o\000\040\000R\000i\000e\000m\000a\000n\000n\000\040\000Z\000e\000r\000o\000s}{section.1}% 6
\BOOKMARK [1][-]{section.2}{\376\377\000T\000h\000e\000\040\000T\000w\000o\000\040\000E\000n\000g\000i\000n\000e\000e\000r\000e\000d\000\040\000C\000o\000n\000s\000t\000a\000n\000t\000s}{}% 7
\BOOKMARK [2][-]{subsection.2.1}{\376\377\000T\000h\000e\000\040\000E\000n\000g\000i\000n\000e\000e\000r\000i\000n\000g\000\040\000M\000e\000t\000h\000o\000d}{section.2}% 8
\BOOKMARK [2][-]{subsection.2.2}{\376\377\000:\000\040\000T\000h\000e\000\040\000T\000h\000e\000r\000m\000a\000l\000\040\000I\000n\000f\000o\000r\000m\000a\000t\000i\000o\000n\000\040\000C\000e\000i\000l\000i\000n\000g}{section.2}% 9
\BOOKMARK [2][-]{subsection.2.3}{\376\377\000T\000h\000e\000\040\000T\000h\000r\000e\000e\000\040\000F\000o\000r\000m\000s\000\040\000o\000f\000\040\000W\000\040\000\050\000E\000x\000a\000c\000t\000l\000y\000\040\000T\000h\000r\000e\000e\000\051}{section.2}% 10
\BOOKMARK [2][-]{subsection.2.4}{\376\377\000F\000:\000\040\000T\000h\000e\000\040\000C\000a\000u\000s\000a\000l\000i\000t\000y\000\040\000C\000e\000i\000l\000i\000n\000g}{section.2}% 11
\BOOKMARK [2][-]{subsection.2.5}{\376\377\000T\000h\000e\000\040\000B\000e\000r\000r\000y\000-\000K\000e\000a\000t\000i\000n\000g\000\040\000D\000o\000m\000a\000i\000n\000\040\000a\000n\000d\000\040\000D\000*}{section.2}% 12
\BOOKMARK [1][-]{section.3}{\376\377\000T\000h\000e\000\040\000R\000e\000d\000B\000l\000u\000e\000\040\000H\000a\000m\000i\000l\000t\000o\000n\000i\000a\000n}{}% 13
\BOOKMARK [2][-]{subsection.3.1}{\376\377\000D\000e\000r\000i\000v\000a\000t\000i\000o\000n\000\040\000f\000r\000o\000m\000\040\000F\000i\000r\000s\000t\000\040\000P\000r\000i\000n\000c\000i\000p\000l\000e\000s}{section.3}% 14
\BOOKMARK [2][-]{subsection.3.2}{\376\377\000T\000h\000e\000\040\000T\000h\000r\000e\000e\000\040\000C\000h\000a\000n\000n\000e\000l\000s}{section.3}% 15
\BOOKMARK [2][-]{subsection.3.3}{\376\377\000T\000h\000e\000\040\000C\000o\000n\000s\000e\000r\000v\000a\000t\000i\000o\000n\000\040\000L\000a\000w}{section.3}% 16
\BOOKMARK [2][-]{subsection.3.4}{\376\377\000T\000h\000e\000\040\000-\000F\000a\000c\000e\000t\000\040\000T\000a\000b\000l\000e}{section.3}% 17
\BOOKMARK [2][-]{subsection.3.5}{\376\377\000S\000e\000l\000f\000-\000A\000d\000j\000o\000i\000n\000t\000n\000e\000s\000s\000\040\000a\000n\000d\000\040\000I\000d\000e\000n\000t\000i\000t\000y\000:\000\040\000A\000!\000\040\000=\000\040\000A}{section.3}% 18
\BOOKMARK [1][-]{section.4}{\376\377\000T\000h\000e\000\040\000S\000e\000d\000e\000n\000i\000o\000n\000:\000\040\000S\000i\000x\000t\000e\000e\000n\000\040\000F\000a\000c\000e\000t\000s\000\040\000o\000f\000\040\000t\000h\000e\000\040\000M\000o\000n\000a\000d}{}% 19
\BOOKMARK [2][-]{subsection.4.1}{\376\377\000T\000h\000e\000\040\000C\000a\000y\000l\000e\000y\000-\000D\000i\000c\000k\000s\000o\000n\000\040\000T\000o\000w\000e\000r}{section.4}% 20
\BOOKMARK [2][-]{subsection.4.2}{\376\377\000T\000h\000e\000\040\000S\000i\000x\000t\000e\000e\000n\000\040\000C\000o\000m\000p\000o\000n\000e\000n\000t\000s}{section.4}% 21
\BOOKMARK [2][-]{subsection.4.3}{\376\377\000T\000h\000e\000\040\000Z\000e\000r\000o\000-\000D\000i\000v\000i\000s\000o\000r\000\040\000I\000d\000e\000n\000t\000i\000t\000y\000\040\000a\000s\000\040\000C\000o\000n\000s\000e\000r\000v\000a\000t\000i\000o\000n\000\040\000L\000a\000w}{section.4}% 22
\BOOKMARK [2][-]{subsection.4.4}{\376\377\000T\000h\000e\000\040\000A\000f\000f\000e\000c\000t\000\040\000F\000i\000e\000l\000d\000:\000\040\000O\000c\000t\000o\000n\000i\000o\000n\000\040\000e\0007}{section.4}% 23
\BOOKMARK [1][-]{section.5}{\376\377\000G\000e\000o\000m\000e\000t\000r\000i\000c\000\040\000W\000i\000t\000n\000e\000s\000s\000e\000s}{}% 24
\BOOKMARK [2][-]{subsection.5.1}{\376\377\000T\000h\000e\000\040\000S\000t\000i\000r\000l\000i\000n\000g\000\040\000N\000e\000w\000t\000o\000n\000\040\000B\000a\000s\000i\000n\000:\000\040\000O\000c\000t\000o\000n\000i\000o\000n\000\040\000T\000o\000p\000o\000l\000o\000g\000y\000\040\000N\000a\000m\000i\000n\000g\000\040\000I\000t\000s\000e\000l\000f}{section.5}% 25
\BOOKMARK [2][-]{subsection.5.2}{\376\377\000T\000h\000r\000e\000e\000\040\000G\000e\000o\000m\000e\000t\000r\000i\000c\000\040\000S\000e\000l\000f\000-\000S\000i\000m\000i\000l\000a\000r\000i\000t\000i\000e\000s}{section.5}% 26
\BOOKMARK [2][-]{subsection.5.3}{\376\377\000T\000h\000e\000\040\000R\000i\000e\000m\000a\000n\000n\000-\000F\000e\000r\000m\000a\000t\000\040\000H\000e\000a\000r\000t\000b\000e\000a\000t\000\040\000a\000n\000d\000\040\000C\000h\000l\000a\000d\000n\000i\000\040\000R\000e\000s\000o\000n\000a\000n\000c\000e}{section.5}% 27
\BOOKMARK [2][-]{subsection.5.4}{\376\377\000T\000h\000e\000\040\000C\000a\000r\000d\000i\000o\000i\000d\000\040\000D\000i\000l\000a\000t\000o\000r\000\040\000a\000n\000d\000\040\000t\000h\000e\000\040\000L\000a\000g\000r\000a\000n\000g\000i\000a\000n\000\040\000C\000o\000n\000t\000r\000a\000c\000t\000o\000r}{section.5}% 28
\BOOKMARK [1][-]{section.6}{\376\377\000T\000w\000o\000\040\000P\000r\000o\000o\000f\000s\000\040\000o\000f\000\040\000t\000h\000e\000\040\000R\000i\000e\000m\000a\000n\000n\000\040\000H\000y\000p\000o\000t\000h\000e\000s\000i\000s}{}% 29
\BOOKMARK [2][-]{subsection.6.1}{\376\377\000S\000t\000a\000t\000e\000m\000e\000n\000t}{section.6}% 30
\BOOKMARK [2][-]{subsection.6.2}{\376\377\000P\000r\000o\000o\000f\000\040\000I\000:\000\040\000D\000i\000r\000e\000c\000t\000,\000\040\000v\000i\000a\000\040\000S\000t\000o\000n\000e\000'\000s\000\040\000T\000h\000e\000o\000r\000e\000m}{section.6}% 31
\BOOKMARK [2][-]{subsection.6.3}{\376\377\000P\000r\000o\000o\000f\000\040\000I\000I\000:\000\040\000C\000o\000n\000j\000u\000g\000a\000t\000e\000,\000\040\000v\000i\000a\000\040\000W\000i\000l\000e\000s\000\040\000a\000n\000d\000\040\000t\000h\000e\000\040\000M\000o\000d\000u\000l\000a\000r\000i\000t\000y\000\040\000T\000h\000e\000o\000r\000e\000m}{section.6}% 32
\BOOKMARK [2][-]{subsection.6.4}{\376\377\000N\000u\000m\000e\000r\000i\000c\000a\000l\000\040\000V\000e\000r\000i\000f\000i\000c\000a\000t\000i\000o\000n\000:\000\040\000N\000o\000e\000t\000h\000e\000r\000\040\000B\000a\000l\000a\000n\000c\000e\000\040\000M\000e\000c\000h\000a\000n\000i\000s\000m}{section.6}% 33
\BOOKMARK [1][-]{section.7}{\376\377\000T\000h\000e\000\040\000Y\000a\000n\000g\000-\000M\000i\000l\000l\000s\000\040\000M\000a\000s\000s\000\040\000G\000a\000p\000\040\000i\000s\000\040\000t\000h\000e\000\040\000B\000A\000O\000\040\000A\000c\000o\000u\000s\000t\000i\000c\000\040\000R\000e\000s\000i\000d\000u\000a\000l}{}% 34
\BOOKMARK [2][-]{subsection.7.1}{\376\377\000T\000h\000e\000\040\000P\000h\000y\000s\000i\000c\000a\000l\000\040\000P\000r\000o\000b\000l\000e\000m}{section.7}% 35
\BOOKMARK [2][-]{subsection.7.2}{\376\377\000B\000a\000r\000y\000o\000n\000\040\000A\000c\000o\000u\000s\000t\000i\000c\000\040\000O\000s\000c\000i\000l\000l\000a\000t\000i\000o\000n\000s}{section.7}% 36
\BOOKMARK [2][-]{subsection.7.3}{\376\377\000T\000h\000e\000\040\000B\000A\000O\000-\000t\000o\000-\000M\000a\000s\000s\000-\000G\000a\000p\000\040\000D\000e\000r\000i\000v\000a\000t\000i\000o\000n}{section.7}% 37
\BOOKMARK [2][-]{subsection.7.4}{\376\377\000P\000h\000y\000s\000i\000c\000a\000l\000\040\000I\000d\000e\000n\000t\000i\000f\000i\000c\000a\000t\000i\000o\000n}{section.7}% 38
\BOOKMARK [2][-]{subsection.7.5}{\376\377\000T\000h\000e\000\040\000M\000a\000s\000s\000\040\000G\000a\000p\000\040\000P\000r\000o\000v\000e\000s\000\040\000Y\000a\000n\000g\000-\000M\000i\000l\000l\000s\000\040\000C\000o\000n\000f\000i\000n\000e\000m\000e\000n\000t}{section.7}% 39
\BOOKMARK [2][-]{subsection.7.6}{\376\377\000T\000h\000e\000\040\0001\0000\000\040\000B\000r\000i\000d\000g\000e\000:\000\040\000W\000h\000y\000\040\000D\000e\000c\000i\000m\000a\000l\000?}{section.7}% 40
\BOOKMARK [1][-]{section.8}{\376\377\000T\000h\000e\000\040\000C\000l\000a\000y\000\040\000M\000i\000l\000l\000e\000n\000n\000i\000u\000m\000\040\000P\000r\000o\000b\000l\000e\000m\000s}{}% 41
\BOOKMARK [2][-]{subsection.8.1}{\376\377\000P\000\040\000v\000e\000r\000s\000u\000s\000\040\000N\000P\000:\000\040\000=\0000\000,\000\040\000t\000h\000e\000\040\000Q\000u\000a\000s\000i\000-\000P\000r\000i\000m\000e\000\040\000V\000a\000c\000u\000u\000m}{section.8}% 42
\BOOKMARK [2][-]{subsection.8.2}{\376\377\000H\000o\000d\000g\000e\000\040\000C\000o\000n\000j\000e\000c\000t\000u\000r\000e\000:\000\040\000=\0002\000,\000\040\000G\000R\000\040\000F\000a\000c\000e\000t}{section.8}% 43
\BOOKMARK [2][-]{subsection.8.3}{\376\377\000R\000i\000e\000m\000a\000n\000n\000\040\000H\000y\000p\000o\000t\000h\000e\000s\000i\000s\000:\000\040\000=\000\040\000r\000e\000p\000s\000t\000o\000p\000d\000f\0001\0002}{section.8}% 44
\BOOKMARK [2][-]{subsection.8.4}{\376\377\000Y\000a\000n\000g\000-\000M\000i\000l\000l\000s\000\040\000M\000a\000s\000s\000\040\000G\000a\000p\000:\000\040\000=\0001\000,\000\040\000e\0001\0005}{section.8}% 45
\BOOKMARK [2][-]{subsection.8.5}{\376\377\000N\000a\000v\000i\000e\000r\000-\000S\000t\000o\000k\000e\000s\000\040\000S\000m\000o\000o\000t\000h\000n\000e\000s\000s\000:\000\040\000=\000\040\0001\000-\000i}{section.8}% 46
\BOOKMARK [2][-]{subsection.8.6}{\376\377\000B\000i\000r\000c\000h\000\040\000a\000n\000d\000\040\000S\000w\000i\000n\000n\000e\000r\000t\000o\000n\000-\000D\000y\000e\000r\000\040\000C\000o\000n\000j\000e\000c\000t\000u\000r\000e\000:\000\040\000=\000\040\000r\000e\000p\000s\000t\000o\000p\000d\000f\0001\0002\000,\000\040\000G\000L\000\050\0002\000\051}{section.8}% 47
\BOOKMARK [2][-]{subsection.8.7}{\376\377\000L\000a\000n\000g\000l\000a\000n\000d\000s\000\040\000P\000r\000o\000g\000r\000a\000m\000m\000e\000:\000\040\000=\0001\000,\000\040\000G\000a\000u\000g\000e\000\040\000C\000u\000r\000r\000e\000n\000t}{section.8}% 48
\BOOKMARK [2][-]{subsection.8.8}{\376\377\000P\000o\000i\000n\000c\000a\000r\000\351\000\040\000C\000o\000n\000j\000e\000c\000t\000u\000r\000e\000:\000\040\000C\000o\000n\000t\000r\000o\000l\000,\000\040\000=\0000}{section.8}% 49
\BOOKMARK [1][-]{section.9}{\376\377\000I\000n\000t\000e\000r\000d\000i\000s\000c\000i\000p\000l\000i\000n\000a\000r\000y\000\040\000P\000r\000o\000j\000e\000c\000t\000i\000o\000n\000s}{}% 50
\BOOKMARK [2][-]{subsection.9.1}{\376\377\000C\000o\000s\000m\000o\000l\000o\000g\000y\000:\000\040\000C\000M\000B\000\040\000a\000n\000d\000\040\000B\000A\000O\000\040\000a\000s\000\040\000P\000r\000i\000m\000e\000\040\000R\000a\000t\000i\000o}{section.9}% 51
\BOOKMARK [2][-]{subsection.9.2}{\376\377\000C\000h\000e\000m\000i\000s\000t\000r\000y\000:\000\040\000T\000h\000e\000\040\000P\000e\000r\000i\000o\000d\000i\000c\000\040\000T\000a\000b\000l\000e\000\040\000a\000t\000\040\000=\0001}{section.9}% 52
\BOOKMARK [2][-]{subsection.9.3}{\376\377\000B\000i\000o\000l\000o\000g\000y\000:\000\040\000C\000o\000s\000i\000c\000\040\000a\000n\000d\000\040\000t\000h\000e\000\040\000R\000e\000s\000o\000n\000a\000n\000t\000\040\000R\000e\000c\000o\000g\000n\000i\000t\000i\000o\000n\000\040\000M\000o\000d\000e\000l}{section.9}% 53
\BOOKMARK [2][-]{subsection.9.4}{\376\377\000I\000n\000f\000o\000r\000m\000a\000t\000i\000o\000n\000\040\000T\000h\000e\000o\000r\000y\000:\000\040\000T\000h\000e\000\040\000H\000y\000p\000e\000r\000w\000e\000b\000s\000t\000e\000r\000\040\000a\000n\000d\000\040\000=\0000}{section.9}% 54
\BOOKMARK [1][-]{section.10}{\376\377\000S\000t\000a\000t\000i\000s\000t\000i\000c\000a\000l\000\040\000V\000a\000l\000i\000d\000a\000t\000i\000o\000n}{}% 55
\BOOKMARK [2][-]{subsection.10.1}{\376\377\000F\000i\000s\000h\000e\000r\000\040\0002\000\040\000M\000e\000t\000h\000o\000d}{section.10}% 56
\BOOKMARK [2][-]{subsection.10.2}{\376\377\000R\000e\000s\000u\000l\000t\000s}{section.10}% 57
\BOOKMARK [2][-]{subsection.10.3}{\376\377\000T\000h\000e\000\040\000S\000t\000r\000o\000n\000g\000e\000s\000t\000\040\000S\000i\000n\000g\000l\000e\000\040\000F\000a\000c\000t}{section.10}% 58
\BOOKMARK [1][-]{section.11}{\376\377\000P\000t\000o\000l\000e\000m\000y\000\040\000P\000h\000i\000l\000a\000d\000e\000l\000p\000h\000o\000s\000:\000\040\000T\000h\000e\000\040\000R\000u\000n\000n\000i\000n\000g\000\040\000P\000r\000o\000o\000f}{}% 59
\BOOKMARK [2][-]{subsection.11.1}{\376\377\000A\000r\000c\000h\000i\000t\000e\000c\000t\000u\000r\000e}{section.11}% 60
\BOOKMARK [2][-]{subsection.11.2}{\376\377\000F\000e\000r\000m\000a\000t\000\040\000S\000p\000a\000c\000e\000\040\000E\000n\000c\000o\000d\000i\000n\000g\000:\000\040\000T\000h\000e\000\040\000S\000e\000r\000p\000e\000n\000t\000i\000n\000e\000\040\000B\000e\000l\000t}{section.11}% 61
\BOOKMARK [2][-]{subsection.11.3}{\376\377\000H\000o\000l\000c\000u\000s\000:\000\040\000T\000h\000e\000\040\000G\000r\000o\000u\000n\000d\000\040\000S\000t\000a\000t\000e\000\040\000W\000o\000r\000d}{section.11}% 62
\BOOKMARK [1][-]{section.12}{\376\377\000C\000o\000n\000c\000l\000u\000s\000i\000o\000n\000:\000\040\000T\000h\000e\000\040\000T\000h\000i\000r\000d\000\040\000A\000g\000e}{}% 63
